// Jest Snapshot v1, https://goo.gl/fbAQLP

exports[`footer component matches the snapshot for footer 1`] = `<footer />`;
