// Jest Snapshot v1, https://goo.gl/fbAQLP

exports[`about component matches the snapshot for about 1`] = `<about />`;
